<<<<<<< Updated upstream
[9860:17124:0604/122120.984:WARNING:chrome_main_delegate.cc(745)] This is Chrome version 128.0.6613.138 (not a warning)
[9860:17124:0604/122120.987:ERROR:persistent_memory_allocator.cc(908)] Corruption detected in shared-memory segment.
[9860:21996:0604/122121.224:ERROR:google_update_settings.cc(265)] Failed opening key Software\Chromium to set usagestats; result: 5
[9860:17124:0604/122121.335:WARNING:account_consistency_mode_manager.cc(77)] Desktop Identity Consistency cannot be enabled as no OAuth client ID and client secret have been configured.
[33888:16880:0604/122127.977:WARNING:frame_impl.cc(430)] virtual CefFrameImpl::SendProcessMessage sent to detached frame 5-8BB4790A435CD150BE41FE4FD2CD555D will be ignored
[9860:17124:0604/122952.631:WARNING:pref_notifier_impl.cc(41)] Pref observer for media_router.cast_allow_all_ips found at shutdown.
=======
[15116:15316:0604/124949.578:WARNING:chrome_main_delegate.cc(745)] This is Chrome version 128.0.6613.138 (not a warning)
[15116:7900:0604/124949.835:ERROR:google_update_settings.cc(265)] Failed opening key Software\Chromium to set usagestats; result: 5
[15116:15316:0604/124949.942:WARNING:account_consistency_mode_manager.cc(77)] Desktop Identity Consistency cannot be enabled as no OAuth client ID and client secret have been configured.
[15116:20240:0604/124954.302:WARNING:leveldb_database.cc(141)] Unable to open C:\Users\twood\Desktop\Ross-s-Silent-Spots\SilentSpotsTechDemo\Saved\webcache_6613\Default\shared_proto_db\metadata: IO error: C:\Users\twood\Desktop\Ross-s-Silent-Spots\SilentSpotsTechDemo\Saved\webcache_6613\Default\shared_proto_db\metadata/MANIFEST-000001: Unable to create sequential file (ChromeMethodBFE: 7::NewSequentialFile::1)
[15116:20240:0604/124954.305:WARNING:leveldb_database.cc(141)] Unable to open C:\Users\twood\Desktop\Ross-s-Silent-Spots\SilentSpotsTechDemo\Saved\webcache_6613\Default\shared_proto_db\metadata: IO error: C:\Users\twood\Desktop\Ross-s-Silent-Spots\SilentSpotsTechDemo\Saved\webcache_6613\Default\shared_proto_db\metadata/MANIFEST-000001: Unable to create sequential file (ChromeMethodBFE: 7::NewSequentialFile::1)
[15116:20240:0604/124954.309:WARNING:leveldb_database.cc(141)] Unable to open C:\Users\twood\Desktop\Ross-s-Silent-Spots\SilentSpotsTechDemo\Saved\webcache_6613\Default\shared_proto_db\metadata: IO error: C:\Users\twood\Desktop\Ross-s-Silent-Spots\SilentSpotsTechDemo\Saved\webcache_6613\Default\shared_proto_db\metadata/MANIFEST-000001: Unable to create sequential file (ChromeMethodBFE: 7::NewSequentialFile::1)
[15116:20240:0604/124954.313:WARNING:leveldb_database.cc(141)] Unable to open C:\Users\twood\Desktop\Ross-s-Silent-Spots\SilentSpotsTechDemo\Saved\webcache_6613\Default\shared_proto_db\metadata: IO error: C:\Users\twood\Desktop\Ross-s-Silent-Spots\SilentSpotsTechDemo\Saved\webcache_6613\Default\shared_proto_db\metadata/MANIFEST-000001: Unable to create sequential file (ChromeMethodBFE: 7::NewSequentialFile::1)
[15116:35936:0604/124955.004:WARNING:value_store_frontend.cc(47)] Reading ahfgeienlihckogmohjhadlkjgocpleb.alarms from  failed: IO error: .../MANIFEST-000001: Unable to create sequential file (ChromeMethodBFE: 7::NewSequentialFile::1)
[15116:35936:0604/124955.007:WARNING:value_store_frontend.cc(47)] Reading mhjfbmdgcfjbbpaeojofohoefgiehjai.alarms from  failed: IO error: .../MANIFEST-000001: Unable to create sequential file (ChromeMethodBFE: 7::NewSequentialFile::1)
[27504:28948:0604/124956.366:WARNING:frame_impl.cc(430)] virtual CefFrameImpl::SendProcessMessage sent to detached frame 5-9782E046434298F7360DAE2CE14E250B will be ignored
[15116:24580:0604/124957.089:WARNING:leveldb_database.cc(141)] Unable to open C:\Users\twood\Desktop\Ross-s-Silent-Spots\SilentSpotsTechDemo\Saved\webcache_6613\Default\GCM Store\Encryption: IO error: C:\Users\twood\Desktop\Ross-s-Silent-Spots\SilentSpotsTechDemo\Saved\webcache_6613\Default\GCM Store\Encryption/MANIFEST-000001: Unable to create sequential file (ChromeMethodBFE: 7::NewSequentialFile::1)
[15116:15316:0604/125329.571:WARNING:pref_notifier_impl.cc(41)] Pref observer for media_router.cast_allow_all_ips found at shutdown.
>>>>>>> Stashed changes
