[13060:8004:0808/222026.405:WARNING:chrome_main_delegate.cc(745)] This is Chrome version 128.0.6613.138 (not a warning)
[13060:29452:0808/222026.704:WARNING:dns_config_service_win.cc(605)] Failed to read DnsConfig.
[13060:29452:0808/222026.746:ERROR:google_update_settings.cc(265)] Failed opening key Software\Chromium to set usagestats; result: 5
[16496:16352:0808/222026.844:WARNING:dns_config_service_win.cc(605)] Failed to read DnsConfig.
[13060:8004:0808/222026.905:WARNING:account_consistency_mode_manager.cc(77)] Desktop Identity Consistency cannot be enabled as no OAuth client ID and client secret have been configured.
[13060:29452:0808/222031.710:WARNING:dns_config_service_win.cc(605)] Failed to read DnsConfig.
[16496:16352:0808/222031.855:WARNING:dns_config_service_win.cc(605)] Failed to read DnsConfig.
[13060:8004:0808/222036.908:WARNING:page_discarding_helper.cc(138)] Discarding multiple pages with target (kb): 0
[29464:26836:0808/222039.585:WARNING:frame_impl.cc(430)] virtual CefFrameImpl::SendProcessMessage sent to detached frame 5-6F1FA5A98E0A36373109A15DE9759DA5 will be ignored
[7324:4736:0808/222040.135:WARNING:frame_impl.cc(430)] virtual CefFrameImpl::SendProcessMessage sent to detached frame 6-F5CB2BE0F7EF9CC2E477B90107354C66 will be ignored
[3984:25928:0808/222040.297:ERROR:shared_image_manager.cc(224)] SharedImageManager::ProduceSkia: Trying to Produce a Skia representation from a non-existent mailbox.
[13060:29452:0808/222041.716:WARNING:dns_config_service_win.cc(605)] Failed to read DnsConfig.
[16496:16352:0808/222041.871:WARNING:dns_config_service_win.cc(605)] Failed to read DnsConfig.
[13060:8004:0808/222042.574:WARNING:page_discarding_helper.cc(138)] Discarding multiple pages with target (kb): 0
[16496:16352:0808/222055.550:WARNING:dns_config_service_win.cc(605)] Failed to read DnsConfig.
[13060:29452:0808/222055.550:WARNING:dns_config_service_win.cc(605)] Failed to read DnsConfig.
[13060:29452:0808/222100.555:WARNING:dns_config_service_win.cc(605)] Failed to read DnsConfig.
[16496:16352:0808/222100.563:WARNING:dns_config_service_win.cc(605)] Failed to read DnsConfig.
[13060:29452:0808/222110.558:WARNING:dns_config_service_win.cc(605)] Failed to read DnsConfig.
[16496:16352:0808/222110.569:WARNING:dns_config_service_win.cc(605)] Failed to read DnsConfig.
[13060:29452:0808/222130.566:WARNING:dns_config_service_win.cc(605)] Failed to read DnsConfig.
[16496:16352:0808/222130.576:WARNING:dns_config_service_win.cc(605)] Failed to read DnsConfig.
[13060:8004:0808/225238.174:WARNING:pref_notifier_impl.cc(41)] Pref observer for media_router.cast_allow_all_ips found at shutdown.
